[debug] [2026-07-28T13:07:00.004Z] ----------------------------------------------------------------------
[debug] [2026-07-28T13:07:00.011Z] Command:       C:\Program Files\nodejs\node.exe C:\Users\HEMANTH KALLEY\AppData\Local\npm-cache\_npx\7750544ccf494d8b\node_modules\firebase-tools\lib\bin\firebase.js deploy --only firestore:rules --project nirgunam
[debug] [2026-07-28T13:07:00.013Z] CLI Version:   15.24.0
[debug] [2026-07-28T13:07:00.013Z] Platform:      win32
[debug] [2026-07-28T13:07:00.013Z] Node Version:  v22.21.0
[debug] [2026-07-28T13:07:00.014Z] Detected Agent: codex_cli
[debug] [2026-07-28T13:07:00.014Z] Time:          Tue Jul 28 2026 18:37:00 GMT+0530 (India Standard Time)
[debug] [2026-07-28T13:07:00.015Z] ----------------------------------------------------------------------
[debug] 
[debug] [2026-07-28T13:07:00.043Z] >>> [apiv2][query] GET https://firebase-public.firebaseio.com/cli.json [none]
[debug] [2026-07-28T13:07:06.943Z] > command requires scopes: ["email","openid","https://www.googleapis.com/auth/cloudplatformprojects.readonly","https://www.googleapis.com/auth/firebase","https://www.googleapis.com/auth/cloud-platform"]
[debug] [2026-07-28T13:07:06.987Z] Error: Could not load the default credentials. Browse to https://cloud.google.com/docs/authentication/getting-started for more information.
    at GoogleAuth.getApplicationDefaultAsync (C:\Users\HEMANTH KALLEY\AppData\Local\npm-cache\_npx\7750544ccf494d8b\node_modules\google-auth-library\build\src\auth\googleauth.js:287:15)
    at process.processTicksAndRejections (node:internal/process/task_queues:105:5)
    at async GoogleAuth._GoogleAuth_determineClient (C:\Users\HEMANTH KALLEY\AppData\Local\npm-cache\_npx\7750544ccf494d8b\node_modules\google-auth-library\build\src\auth\googleauth.js:834:32)
    at async GoogleAuth.getClient (C:\Users\HEMANTH KALLEY\AppData\Local\npm-cache\_npx\7750544ccf494d8b\node_modules\google-auth-library\build\src\auth\googleauth.js:698:20)
    at async GoogleAuth.getAccessToken (C:\Users\HEMANTH KALLEY\AppData\Local\npm-cache\_npx\7750544ccf494d8b\node_modules\google-auth-library\build\src\auth\googleauth.js:722:24)
    at async autoAuth (C:\Users\HEMANTH KALLEY\AppData\Local\npm-cache\_npx\7750544ccf494d8b\node_modules\firebase-tools\lib\requireAuth.js:38:19)
    at async requireAuth (C:\Users\HEMANTH KALLEY\AppData\Local\npm-cache\_npx\7750544ccf494d8b\node_modules\firebase-tools\lib\requireAuth.js:100:20)
    at async requirePermissions (C:\Users\HEMANTH KALLEY\AppData\Local\npm-cache\_npx\7750544ccf494d8b\node_modules\firebase-tools\lib\requirePermissions.js:17:5)
    at async C:\Users\HEMANTH KALLEY\AppData\Local\npm-cache\_npx\7750544ccf494d8b\node_modules\firebase-tools\lib\command.js:271:17
[error] 
[error] Error: Failed to authenticate, have you run firebase login?
